// Jest Snapshot v1, https://goo.gl/fbAQLP

exports[`Toast renders a default state 1`] = `
<div>
  <div
    aria-labelledby=""
    class="fui-Toast"
  >
    Default Toast
  </div>
</div>
`;
