// Jest Snapshot v1, https://goo.gl/fbAQLP

exports[`TableCellItem renders a default state 1`] = `
<div>
  <div
    class="fui-TableCellItem"
  >
     
    Default TableCellItem
  </div>
</div>
`;
