// Jest Snapshot v1, https://goo.gl/fbAQLP

exports[`TablePrimaryCell renders a default state 1`] = `
<tr>
  <td
    class="fui-TablePrimaryCell"
  >
    Default TablePrimaryCell
  </td>
</tr>
`;
