// Jest Snapshot v1, https://goo.gl/fbAQLP

exports[`TableRow renders a default state 1`] = `
<tbody>
  <tr
    class="fui-TableRow"
  >
    Default TableRow
  </tr>
</tbody>
`;
