// Jest Snapshot v1, https://goo.gl/fbAQLP

exports[`ToastContainer renders a default state 1`] = `
<div>
  <div
    aria-describedby="toast-body14"
    aria-labelledby="toast-title13"
    class="fui-ToastContainer"
    role="group"
    style="--fui-toast-height: 0px;"
    tabindex="-1"
  >
    Default ToastContainer
  </div>
</div>
`;
