// Jest Snapshot v1, https://goo.gl/fbAQLP

exports[`AriaLive renders a default state 1`] = `
<div>
  <div
    class="fui-AriaLive"
  >
    <div
      aria-live="assertive"
      class="fui-AriaLive__assertive fui-AriaLive"
    />
    <div
      aria-live="polite"
      class="fui-AriaLive__polite fui-AriaLive"
    />
  </div>
</div>
`;
