// Jest Snapshot v1, https://goo.gl/fbAQLP

exports[`MenuSplitGroup renders a default state 1`] = `
<div>
  <div
    class="fui-MenuSplitGroup"
    role="presentation"
  >
    Default MenuSplitGroup
  </div>
</div>
`;
