// Jest Snapshot v1, https://goo.gl/fbAQLP

exports[`Messagebar renders a default state 1`] = `
<div>
  <div
    class="fui-Messagebar"
  >
    Default Messagebar
  </div>
</div>
`;
