// Jest Snapshot v1, https://goo.gl/fbAQLP

exports[`MenuList renders a default state 1`] = `
<div
  aria-labelledby=""
  className="fui-MenuList"
  role="menu"
>
  Default MenuList
</div>
`;
