// Jest Snapshot v1, https://goo.gl/fbAQLP

exports[`DataGridBody renders a default state 1`] = `
<div>
  <div
    class="fui-DataGridBody"
  >
    Default DataGridBody
  </div>
</div>
`;
